2025-01-26 22:04:39, Heinz Baked Beans, 2
2025-01-26 22:04:46, Kellogg's Corn Flakes, 5
2025-01-26 22:04:46, Bulk Chia Seeds, 6
2025-01-26 22:31:19, Kingsford's Cornstarch, 11
2025-01-26 22:31:37, Nestle Rich Chocolate Mix, 17
2025-01-26 22:31:37, Smucker's Strawberry Jam, 18
2025-01-26 22:31:37, Kraft Dinner, 19
2025-01-26 22:31:37, Neilson 2% Milk, 20
2025-01-26 22:31:37, Generic Product, 21
2025-01-26 22:31:37, Mr. Noodles Instant Noodles, 22
2025-01-26 22:31:37, Quaker Oats, 23
2025-01-26 22:31:37, Catelli Pasta, 24
2025-01-26 22:31:37, Classico Tomato Basil, 25
2025-01-26 22:31:37, Kraft Peanut Butter, 26
2025-01-26 22:31:37, Uncle Ben's Converted Rice, 27
2025-01-26 22:31:37, Old El Paso Salsa, 28
2025-01-26 22:31:37, Club House Spices, 29
2025-01-26 22:31:37, Nutella Hazelnut Spread, 30
2025-01-26 22:31:37, Jamieson Multivitamins, 31
2025-01-26 22:31:37, Dempster's White Bread, 32
2025-01-26 22:31:38, Wonder Hot Dog Buns, 33
2025-01-26 22:31:38, Oreo Cookies, 34
2025-01-26 22:31:38, Jane's Chicken Nuggets, 35
2025-01-26 22:31:38, Dempster's English Muffins, 36
2025-01-26 22:31:38, Frozen Spring Rolls, 37
2025-01-26 22:31:38, Eggo Waffles, 38
2025-01-26 22:31:38, Planters Mixed Nuts, 39
2025-01-26 22:31:38, Maple Leaf Hot Dogs, 40
2025-01-26 22:31:38, Pillsbury Pizza Crust, 41
2025-01-26 22:31:38, Jet-Puffed Marshmallows, 42
2025-01-26 22:31:38, Crisco Vegetable Oil, 43
2025-01-26 22:31:38, Redpath Granulated Sugar, 44
2025-01-26 22:31:38, Store-Baked Muffins, 45
2025-01-26 22:31:38, Kraft Ranch Dressing, 47
2025-01-26 22:31:38, Bulk Medjool Dates, 48
2025-01-26 22:31:38, Dempster's Bagels, 49
2025-01-26 22:31:38, Campbell's Chicken Noodle Soup, 50
2025-01-26 22:31:38, Kraft Dinner Cups, 51
2025-01-26 22:31:38, Store-Baked Cupcakes, 52
2025-01-26 22:31:39, Frozen Apple Pie, 53
2025-01-26 22:31:39, Maple Leaf Seasoned Chicken, 54
2025-01-26 22:31:39, Dempster's Tortillas, 55
2025-01-26 22:31:39, Frozen Poutine, 56
2025-01-26 22:31:39, Chapman's Vanilla Ice Cream, 57
2025-01-26 22:31:39, Maple Leaf Cold Cuts, 58
2025-01-26 22:31:39, Store-Baked Cake, 59
2025-01-26 22:31:39, Dr. Oetker Ristorante Pizza, 60
2025-01-26 22:31:39, Soyganic Tofu, 61
2025-01-26 22:31:39, Pogo Corn Dogs, 62
2025-01-26 22:31:39, Kraft BBQ Sauce, 63
2025-01-26 22:31:39, Heinz Baked Beans, 64
2025-01-26 22:31:39, Knorr Chicken Bouillon, 65
2025-01-26 22:31:39, Maynards Swedish Berries, 66
2025-01-26 22:31:39, Kellogg's Corn Flakes, 67
2025-01-26 22:31:39, Bulk Chia Seeds, 68
2025-01-26 22:31:39, Lay's Classic Chips, 69
2025-01-26 22:31:39, Hershey's Milk Chocolate Bar, 70
2025-01-26 22:31:39, Hershey's Semi-Sweet Chocolate Chips, 71
2025-01-26 22:31:39, Oreo Cookies, 72
2025-01-26 22:31:40, Kingsford's Cornstarch, 73
2025-01-26 22:31:40, Ritz Crackers, 74
2025-01-26 22:31:40, Robin Hood All-Purpose Flour, 75
2025-01-26 22:31:40, Nature Valley Granola, 76
2025-01-26 22:31:40, Nature Valley Granola Bars, 77
2025-01-26 22:31:40, Excel Gum, 78
2025-01-26 22:31:40, Nestle Rich Chocolate Mix, 79
2025-01-26 22:31:40, Smucker's Strawberry Jam, 80
2025-01-26 22:31:40, Kraft Dinner, 81
2025-01-26 22:31:40, Neilson 2% Milk, 82
2025-01-26 22:31:40, Generic Product, 83
2025-01-26 22:31:40, Mr. Noodles Instant Noodles, 84
2025-01-26 22:31:40, Quaker Oats, 85
2025-01-26 22:31:40, Catelli Pasta, 86
2025-01-26 22:31:40, Classico Tomato Basil, 87
2025-01-26 22:31:40, Kraft Peanut Butter, 88
2025-01-26 22:31:40, Uncle Ben's Converted Rice, 89
2025-01-26 22:31:40, Old El Paso Salsa, 90
2025-01-26 22:31:40, Club House Spices, 91
2025-01-26 22:31:40, Nutella Hazelnut Spread, 92
2025-01-26 22:31:41, Jamieson Multivitamins, 93
2025-01-26 22:31:41, Dempster's White Bread, 94
2025-01-26 22:31:41, Wonder Hot Dog Buns, 95
2025-01-26 22:31:41, Oreo Cookies, 96
2025-01-26 22:31:41, Jane's Chicken Nuggets, 97
2025-01-26 22:31:41, Dempster's English Muffins, 98
2025-01-26 22:31:41, Frozen Spring Rolls, 99
2025-01-26 22:31:41, Eggo Waffles, 100
2025-01-26 22:31:41, Planters Mixed Nuts, 101
2025-01-26 22:31:41, Maple Leaf Hot Dogs, 102
2025-01-26 22:31:41, Pillsbury Pizza Crust, 103
2025-01-26 22:31:41, Jet-Puffed Marshmallows, 104
2025-01-26 22:31:41, Crisco Vegetable Oil, 105
2025-01-26 22:31:41, Redpath Granulated Sugar, 106
2025-01-26 22:31:41, Store-Baked Muffins, 107
2025-01-26 22:31:41, Jamieson Iron Supplements, 108
2025-01-26 22:31:41, Bob's Red Mill Quinoa, 109
2025-01-26 22:33:07, Neilson 2% Milk, 20
2025-01-26 22:34:39, Kraft Dinner, 19
2025-01-26 22:34:46, Neilson 2% Milk, 20
2025-01-26 22:35:09, Mr. Noodles Instant Noodles, 22
2025-01-26 22:35:18, Quaker Oats, 23
2025-01-26 22:35:27, Catelli Pasta, 24
2025-01-26 22:35:37, Classico Tomato Basil, 25
2025-01-26 22:37:41, Kraft Dinner, 19
2025-01-26 22:37:48, Neilson 2% Milk, 20
2025-01-26 22:37:53, Generic Product, 21
2025-01-26 22:38:03, Mr. Noodles Instant Noodles, 22
2025-01-26 22:43:03, Neilson 2% Milk, 20
2025-01-26 22:43:08, Generic Product, 21
2025-01-26 22:46:59, Bread loaf, 21
2025-01-26 22:47:06, Mr. Noodles Instant Noodles, 22
